{"timestamp":"2026-10-01T20:57:37.181279Z","level":"info","event":"DAG bundles loaded: dags-folder","logger":"airflow.dag_processing.bundles.manager.DagBundlesManager","filename":"manager.py","lineno":179}
{"timestamp":"2026-10-01T20:57:37.184489Z","level":"info","event":"Filling up the DagBag from /opt/airflow/dags/superstore_dwh_dag.py","logger":"airflow.models.dagbag.DagBag","filename":"dagbag.py","lineno":593}
{"timestamp":"2026-10-01T20:57:38.640378Z","level":"info","event":"Tmp dir root location: /tmp","logger":"airflow.task.hooks.airflow.providers.standard.hooks.subprocess.SubprocessHook","filename":"subprocess.py","lineno":78}
{"timestamp":"2026-10-01T20:57:38.642152Z","level":"info","event":"Running command: ['/usr/bin/bash', '-c', 'cd /opt/airflow/project/dbt_project && /opt/dbt_venv/bin/dbt run --profiles-dir . --target dev']","logger":"airflow.task.hooks.airflow.providers.standard.hooks.subprocess.SubprocessHook","filename":"subprocess.py","lineno":88}
{"timestamp":"2026-10-01T20:57:38.655304Z","level":"info","event":"Output:","logger":"airflow.task.hooks.airflow.providers.standard.hooks.subprocess.SubprocessHook","filename":"subprocess.py","lineno":99}
{"timestamp":"2026-10-01T20:57:45.652365Z","level":"info","event":"\u001b[0m20:57:45  Running with dbt=1.12.5","logger":"airflow.task.hooks.airflow.providers.standard.hooks.subprocess.SubprocessHook","filename":"subprocess.py","lineno":106}
{"timestamp":"2026-10-01T20:57:46.866833Z","level":"info","event":"\u001b[0m20:57:46  Registered adapter: duckdb=1.11.0","logger":"airflow.task.hooks.airflow.providers.standard.hooks.subprocess.SubprocessHook","filename":"subprocess.py","lineno":106}
{"timestamp":"2026-10-01T20:57:50.316620Z","level":"info","event":"\u001b[0m20:57:50  Found 6 models, 41 data tests, 1 source, 500 macros","logger":"airflow.task.hooks.airflow.providers.standard.hooks.subprocess.SubprocessHook","filename":"subprocess.py","lineno":106}
{"timestamp":"2026-10-01T20:57:50.351266Z","level":"info","event":"\u001b[0m20:57:50","logger":"airflow.task.hooks.airflow.providers.standard.hooks.subprocess.SubprocessHook","filename":"subprocess.py","lineno":106}
{"timestamp":"2026-10-01T20:57:50.356257Z","level":"info","event":"\u001b[0m20:57:50  Concurrency: 1 threads (target='dev')","logger":"airflow.task.hooks.airflow.providers.standard.hooks.subprocess.SubprocessHook","filename":"subprocess.py","lineno":106}
{"timestamp":"2026-10-01T20:57:50.362388Z","level":"info","event":"\u001b[0m20:57:50","logger":"airflow.task.hooks.airflow.providers.standard.hooks.subprocess.SubprocessHook","filename":"subprocess.py","lineno":106}
{"timestamp":"2026-10-01T20:57:51.402063Z","level":"info","event":"\u001b[0m20:57:51  1 of 6 START sql view model main_stg.stg_superstore ............................ [RUN]","logger":"airflow.task.hooks.airflow.providers.standard.hooks.subprocess.SubprocessHook","filename":"subprocess.py","lineno":106}
{"timestamp":"2026-10-01T20:57:52.335211Z","level":"info","event":"\u001b[0m20:57:52  1 of 6 OK created sql view model main_stg.stg_superstore ....................... [\u001b[32mOK\u001b[0m in 0.92s]","logger":"airflow.task.hooks.airflow.providers.standard.hooks.subprocess.SubprocessHook","filename":"subprocess.py","lineno":106}
{"timestamp":"2026-10-01T20:57:52.354615Z","level":"info","event":"\u001b[0m20:57:52  2 of 6 START sql table model main_dwh.dim_customer ............................. [RUN]","logger":"airflow.task.hooks.airflow.providers.standard.hooks.subprocess.SubprocessHook","filename":"subprocess.py","lineno":106}
{"timestamp":"2026-10-01T20:57:53.014184Z","level":"info","event":"\u001b[0m20:57:53  2 of 6 OK created sql table model main_dwh.dim_customer ........................ [\u001b[32mOK\u001b[0m in 0.65s]","logger":"airflow.task.hooks.airflow.providers.standard.hooks.subprocess.SubprocessHook","filename":"subprocess.py","lineno":106}
{"timestamp":"2026-10-01T20:57:53.043358Z","level":"info","event":"\u001b[0m20:57:53  3 of 6 START sql table model main_dwh.dim_date ................................. [RUN]","logger":"airflow.task.hooks.airflow.providers.standard.hooks.subprocess.SubprocessHook","filename":"subprocess.py","lineno":106}
{"timestamp":"2026-10-01T20:57:53.532903Z","level":"info","event":"\u001b[0m20:57:53  3 of 6 OK created sql table model main_dwh.dim_date ............................ [\u001b[32mOK\u001b[0m in 0.48s]","logger":"airflow.task.hooks.airflow.providers.standard.hooks.subprocess.SubprocessHook","filename":"subprocess.py","lineno":106}
{"timestamp":"2026-10-01T20:57:53.545522Z","level":"info","event":"\u001b[0m20:57:53  4 of 6 START sql table model main_dwh.dim_location ............................. [RUN]","logger":"airflow.task.hooks.airflow.providers.standard.hooks.subprocess.SubprocessHook","filename":"subprocess.py","lineno":106}
{"timestamp":"2026-10-01T20:57:54.116677Z","level":"info","event":"\u001b[0m20:57:54  4 of 6 OK created sql table model main_dwh.dim_location ........................ [\u001b[32mOK\u001b[0m in 0.57s]","logger":"airflow.task.hooks.airflow.providers.standard.hooks.subprocess.SubprocessHook","filename":"subprocess.py","lineno":106}
{"timestamp":"2026-10-01T20:57:54.130252Z","level":"info","event":"\u001b[0m20:57:54  5 of 6 START sql table model main_dwh.dim_product .............................. [RUN]","logger":"airflow.task.hooks.airflow.providers.standard.hooks.subprocess.SubprocessHook","filename":"subprocess.py","lineno":106}
{"timestamp":"2026-10-01T20:57:54.584808Z","level":"info","event":"\u001b[0m20:57:54  5 of 6 OK created sql table model main_dwh.dim_product ......................... [\u001b[32mOK\u001b[0m in 0.45s]","logger":"airflow.task.hooks.airflow.providers.standard.hooks.subprocess.SubprocessHook","filename":"subprocess.py","lineno":106}
{"timestamp":"2026-10-01T20:57:54.607562Z","level":"info","event":"\u001b[0m20:57:54  6 of 6 START sql table model main_dwh.fact_sales ............................... [RUN]","logger":"airflow.task.hooks.airflow.providers.standard.hooks.subprocess.SubprocessHook","filename":"subprocess.py","lineno":106}
{"timestamp":"2026-10-01T20:57:55.239373Z","level":"info","event":"\u001b[0m20:57:55  6 of 6 OK created sql table model main_dwh.fact_sales .......................... [\u001b[32mOK\u001b[0m in 0.63s]","logger":"airflow.task.hooks.airflow.providers.standard.hooks.subprocess.SubprocessHook","filename":"subprocess.py","lineno":106}
{"timestamp":"2026-10-01T20:57:55.306632Z","level":"info","event":"\u001b[0m20:57:55","logger":"airflow.task.hooks.airflow.providers.standard.hooks.subprocess.SubprocessHook","filename":"subprocess.py","lineno":106}
{"timestamp":"2026-10-01T20:57:55.312479Z","level":"info","event":"\u001b[0m20:57:55  Finished running 5 table models, 1 view model in 0 hours 0 minutes and 4.93 seconds (4.93s).","logger":"airflow.task.hooks.airflow.providers.standard.hooks.subprocess.SubprocessHook","filename":"subprocess.py","lineno":106}
{"timestamp":"2026-10-01T20:57:55.737981Z","level":"info","event":"\u001b[0m20:57:55","logger":"airflow.task.hooks.airflow.providers.standard.hooks.subprocess.SubprocessHook","filename":"subprocess.py","lineno":106}
{"timestamp":"2026-10-01T20:57:55.743679Z","level":"info","event":"\u001b[0m20:57:55  \u001b[32mCompleted successfully\u001b[0m","logger":"airflow.task.hooks.airflow.providers.standard.hooks.subprocess.SubprocessHook","filename":"subprocess.py","lineno":106}
{"timestamp":"2026-10-01T20:57:55.747670Z","level":"info","event":"\u001b[0m20:57:55","logger":"airflow.task.hooks.airflow.providers.standard.hooks.subprocess.SubprocessHook","filename":"subprocess.py","lineno":106}
{"timestamp":"2026-10-01T20:57:55.757340Z","level":"info","event":"\u001b[0m20:57:55  Done. PASS=6 WARN=0 ERROR=0 SKIP=0 NO-OP=0 REUSED=0 TOTAL=6","logger":"airflow.task.hooks.airflow.providers.standard.hooks.subprocess.SubprocessHook","filename":"subprocess.py","lineno":106}
{"timestamp":"2026-10-01T20:57:56.884392Z","level":"info","event":"Command exited with return code 0","logger":"airflow.task.hooks.airflow.providers.standard.hooks.subprocess.SubprocessHook","filename":"subprocess.py","lineno":110}
{"timestamp":"2026-10-01T20:57:56.886415Z","level":"info","event":"Pushing xcom","ti":"RuntimeTaskInstance(id=UUID('01a0f93f-a4da-7e16-a3b5-0efac1da8913'), task_id='dbt_run', dag_id='superstore_dwh', run_id='manual__2026-10-01T20:54:52.821379+00:00', try_number=1, dag_version_id=UUID('01a0f93e-c569-7146-9e69-33ff7a11a5f8'), map_index=-1, hostname='4396fa94b558', context_carrier={}, task=<Task(BashOperator): dbt_run>, bundle_instance=LocalDagBundle(name=dags-folder), max_tries=1, start_date=datetime.datetime(2026, 10, 1, 20, 57, 37, 115656, tzinfo=datetime.timezone.utc), end_date=None, state=<TaskInstanceState.RUNNING: 'running'>, is_mapped=False, rendered_map_index=None)","logger":"task","filename":"task_runner.py","lineno":1352}
