{"timestamp":"2026-10-01T20:55:00.322609Z","level":"info","event":"DAG bundles loaded: dags-folder","logger":"airflow.dag_processing.bundles.manager.DagBundlesManager","filename":"manager.py","lineno":179}
{"timestamp":"2026-10-01T20:55:00.331687Z","level":"info","event":"Filling up the DagBag from /opt/airflow/dags/superstore_dwh_dag.py","logger":"airflow.models.dagbag.DagBag","filename":"dagbag.py","lineno":593}
{"timestamp":"2026-10-01T20:55:03.044781Z","level":"info","event":"Tmp dir root location: /tmp","logger":"airflow.task.hooks.airflow.providers.standard.hooks.subprocess.SubprocessHook","filename":"subprocess.py","lineno":78}
{"timestamp":"2026-10-01T20:55:03.049137Z","level":"info","event":"Running command: ['/usr/bin/bash', '-c', 'cd /opt/airflow/project/dbt_project && /opt/dbt_venv/bin/dbt debug --profiles-dir . --target dev']","logger":"airflow.task.hooks.airflow.providers.standard.hooks.subprocess.SubprocessHook","filename":"subprocess.py","lineno":88}
{"timestamp":"2026-10-01T20:55:03.150366Z","level":"info","event":"Output:","logger":"airflow.task.hooks.airflow.providers.standard.hooks.subprocess.SubprocessHook","filename":"subprocess.py","lineno":99}
{"timestamp":"2026-10-01T20:55:15.827274Z","level":"info","event":"\u001b[0m20:55:15  Running with dbt=1.12.5","logger":"airflow.task.hooks.airflow.providers.standard.hooks.subprocess.SubprocessHook","filename":"subprocess.py","lineno":106}
{"timestamp":"2026-10-01T20:55:15.868058Z","level":"info","event":"\u001b[0m20:55:15  dbt version: 1.12.5","logger":"airflow.task.hooks.airflow.providers.standard.hooks.subprocess.SubprocessHook","filename":"subprocess.py","lineno":106}
{"timestamp":"2026-10-01T20:55:15.876539Z","level":"info","event":"\u001b[0m20:55:15  python version: 3.11.13","logger":"airflow.task.hooks.airflow.providers.standard.hooks.subprocess.SubprocessHook","filename":"subprocess.py","lineno":106}
{"timestamp":"2026-10-01T20:55:15.882680Z","level":"info","event":"\u001b[0m20:55:15  python path: /opt/dbt_venv/bin/python3.11","logger":"airflow.task.hooks.airflow.providers.standard.hooks.subprocess.SubprocessHook","filename":"subprocess.py","lineno":106}
{"timestamp":"2026-10-01T20:55:15.901277Z","level":"info","event":"\u001b[0m20:55:15  os info: Linux-6.6.87.2-microsoft-standard-WSL2-x86_64-with-glibc2.36","logger":"airflow.task.hooks.airflow.providers.standard.hooks.subprocess.SubprocessHook","filename":"subprocess.py","lineno":106}
{"timestamp":"2026-10-01T20:55:16.774900Z","level":"info","event":"\u001b[0m20:55:16  Using profiles dir at .","logger":"airflow.task.hooks.airflow.providers.standard.hooks.subprocess.SubprocessHook","filename":"subprocess.py","lineno":106}
{"timestamp":"2026-10-01T20:55:16.786666Z","level":"info","event":"\u001b[0m20:55:16  Using profiles.yml file at ./profiles.yml","logger":"airflow.task.hooks.airflow.providers.standard.hooks.subprocess.SubprocessHook","filename":"subprocess.py","lineno":106}
{"timestamp":"2026-10-01T20:55:16.796385Z","level":"info","event":"\u001b[0m20:55:16  Using dbt_project.yml file at /opt/airflow/project/dbt_project/dbt_project.yml","logger":"airflow.task.hooks.airflow.providers.standard.hooks.subprocess.SubprocessHook","filename":"subprocess.py","lineno":106}
{"timestamp":"2026-10-01T20:55:16.835468Z","level":"info","event":"\u001b[0m20:55:16  adapter type: duckdb","logger":"airflow.task.hooks.airflow.providers.standard.hooks.subprocess.SubprocessHook","filename":"subprocess.py","lineno":106}
{"timestamp":"2026-10-01T20:55:16.849768Z","level":"info","event":"\u001b[0m20:55:16  adapter version: 1.11.0","logger":"airflow.task.hooks.airflow.providers.standard.hooks.subprocess.SubprocessHook","filename":"subprocess.py","lineno":106}
{"timestamp":"2026-10-01T20:55:17.540486Z","level":"info","event":"\u001b[0m20:55:17  Configuration:","logger":"airflow.task.hooks.airflow.providers.standard.hooks.subprocess.SubprocessHook","filename":"subprocess.py","lineno":106}
{"timestamp":"2026-10-01T20:55:17.546281Z","level":"info","event":"\u001b[0m20:55:17    profiles.yml file [\u001b[32mOK found and valid\u001b[0m]","logger":"airflow.task.hooks.airflow.providers.standard.hooks.subprocess.SubprocessHook","filename":"subprocess.py","lineno":106}
{"timestamp":"2026-10-01T20:55:17.552493Z","level":"info","event":"\u001b[0m20:55:17    dbt_project.yml file [\u001b[32mOK found and valid\u001b[0m]","logger":"airflow.task.hooks.airflow.providers.standard.hooks.subprocess.SubprocessHook","filename":"subprocess.py","lineno":106}
{"timestamp":"2026-10-01T20:55:17.565288Z","level":"info","event":"\u001b[0m20:55:17  Required dependencies:","logger":"airflow.task.hooks.airflow.providers.standard.hooks.subprocess.SubprocessHook","filename":"subprocess.py","lineno":106}
{"timestamp":"2026-10-01T20:55:17.613836Z","level":"info","event":"\u001b[0m20:55:17   - git [\u001b[32mOK found\u001b[0m]","logger":"airflow.task.hooks.airflow.providers.standard.hooks.subprocess.SubprocessHook","filename":"subprocess.py","lineno":106}
{"timestamp":"2026-10-01T20:55:17.614315Z","level":"info","event":"","logger":"airflow.task.hooks.airflow.providers.standard.hooks.subprocess.SubprocessHook","filename":"subprocess.py","lineno":106}
{"timestamp":"2026-10-01T20:55:17.621801Z","level":"info","event":"\u001b[0m20:55:17  Connection:","logger":"airflow.task.hooks.airflow.providers.standard.hooks.subprocess.SubprocessHook","filename":"subprocess.py","lineno":106}
{"timestamp":"2026-10-01T20:55:17.626716Z","level":"info","event":"\u001b[0m20:55:17    database: dev","logger":"airflow.task.hooks.airflow.providers.standard.hooks.subprocess.SubprocessHook","filename":"subprocess.py","lineno":106}
{"timestamp":"2026-10-01T20:55:17.633267Z","level":"info","event":"\u001b[0m20:55:17    schema: main","logger":"airflow.task.hooks.airflow.providers.standard.hooks.subprocess.SubprocessHook","filename":"subprocess.py","lineno":106}
{"timestamp":"2026-10-01T20:55:17.641217Z","level":"info","event":"\u001b[0m20:55:17    path: dev.duckdb","logger":"airflow.task.hooks.airflow.providers.standard.hooks.subprocess.SubprocessHook","filename":"subprocess.py","lineno":106}
{"timestamp":"2026-10-01T20:55:17.649508Z","level":"info","event":"\u001b[0m20:55:17    config_options: None","logger":"airflow.task.hooks.airflow.providers.standard.hooks.subprocess.SubprocessHook","filename":"subprocess.py","lineno":106}
{"timestamp":"2026-10-01T20:55:17.656452Z","level":"info","event":"\u001b[0m20:55:17    extensions: None","logger":"airflow.task.hooks.airflow.providers.standard.hooks.subprocess.SubprocessHook","filename":"subprocess.py","lineno":106}
{"timestamp":"2026-10-01T20:55:17.671138Z","level":"info","event":"\u001b[0m20:55:17    settings: {}","logger":"airflow.task.hooks.airflow.providers.standard.hooks.subprocess.SubprocessHook","filename":"subprocess.py","lineno":106}
{"timestamp":"2026-10-01T20:55:17.683172Z","level":"info","event":"\u001b[0m20:55:17    external_root: .","logger":"airflow.task.hooks.airflow.providers.standard.hooks.subprocess.SubprocessHook","filename":"subprocess.py","lineno":106}
{"timestamp":"2026-10-01T20:55:17.711009Z","level":"info","event":"\u001b[0m20:55:17    use_credential_provider: None","logger":"airflow.task.hooks.airflow.providers.standard.hooks.subprocess.SubprocessHook","filename":"subprocess.py","lineno":106}
{"timestamp":"2026-10-01T20:55:17.733482Z","level":"info","event":"\u001b[0m20:55:17    attach: None","logger":"airflow.task.hooks.airflow.providers.standard.hooks.subprocess.SubprocessHook","filename":"subprocess.py","lineno":106}
{"timestamp":"2026-10-01T20:55:17.758194Z","level":"info","event":"\u001b[0m20:55:17    filesystems: None","logger":"airflow.task.hooks.airflow.providers.standard.hooks.subprocess.SubprocessHook","filename":"subprocess.py","lineno":106}
{"timestamp":"2026-10-01T20:55:17.767052Z","level":"info","event":"\u001b[0m20:55:17    remote: None","logger":"airflow.task.hooks.airflow.providers.standard.hooks.subprocess.SubprocessHook","filename":"subprocess.py","lineno":106}
{"timestamp":"2026-10-01T20:55:17.773662Z","level":"info","event":"\u001b[0m20:55:17    plugins: None","logger":"airflow.task.hooks.airflow.providers.standard.hooks.subprocess.SubprocessHook","filename":"subprocess.py","lineno":106}
{"timestamp":"2026-10-01T20:55:17.783055Z","level":"info","event":"\u001b[0m20:55:17    disable_transactions: False","logger":"airflow.task.hooks.airflow.providers.standard.hooks.subprocess.SubprocessHook","filename":"subprocess.py","lineno":106}
{"timestamp":"2026-10-01T20:55:17.793563Z","level":"info","event":"\u001b[0m20:55:17  Registered adapter: duckdb=1.11.0","logger":"airflow.task.hooks.airflow.providers.standard.hooks.subprocess.SubprocessHook","filename":"subprocess.py","lineno":106}
{"timestamp":"2026-10-01T20:55:20.131184Z","level":"info","event":"\u001b[0m20:55:20    Connection test: [\u001b[32mOK connection ok\u001b[0m]","logger":"airflow.task.hooks.airflow.providers.standard.hooks.subprocess.SubprocessHook","filename":"subprocess.py","lineno":106}
{"timestamp":"2026-10-01T20:55:20.132264Z","level":"info","event":"","logger":"airflow.task.hooks.airflow.providers.standard.hooks.subprocess.SubprocessHook","filename":"subprocess.py","lineno":106}
{"timestamp":"2026-10-01T20:55:20.162545Z","level":"info","event":"\u001b[0m20:55:20  \u001b[32mAll checks passed!\u001b[0m","logger":"airflow.task.hooks.airflow.providers.standard.hooks.subprocess.SubprocessHook","filename":"subprocess.py","lineno":106}
{"timestamp":"2026-10-01T20:55:21.367470Z","level":"info","event":"Command exited with return code 0","logger":"airflow.task.hooks.airflow.providers.standard.hooks.subprocess.SubprocessHook","filename":"subprocess.py","lineno":110}
{"timestamp":"2026-10-01T20:55:21.372010Z","level":"info","event":"Pushing xcom","ti":"RuntimeTaskInstance(id=UUID('01a0f93f-a4d7-7720-8240-f392fb794337'), task_id='dbt_debug', dag_id='superstore_dwh', run_id='manual__2026-10-01T20:54:52.821379+00:00', try_number=1, dag_version_id=UUID('01a0f93e-c569-7146-9e69-33ff7a11a5f8'), map_index=-1, hostname='4396fa94b558', context_carrier={}, task=<Task(BashOperator): dbt_debug>, bundle_instance=LocalDagBundle(name=dags-folder), max_tries=1, start_date=datetime.datetime(2026, 10, 1, 20, 54, 54, 10450, tzinfo=datetime.timezone.utc), end_date=None, state=<TaskInstanceState.RUNNING: 'running'>, is_mapped=False, rendered_map_index=None)","logger":"task","filename":"task_runner.py","lineno":1352}
