{"timestamp":"2026-10-01T20:55:00.407443Z","level":"info","event":"DAG bundles loaded: dags-folder","logger":"airflow.dag_processing.bundles.manager.DagBundlesManager","filename":"manager.py","lineno":179}
{"timestamp":"2026-10-01T20:55:00.416836Z","level":"info","event":"Filling up the DagBag from /opt/airflow/dags/superstore_dwh_dag.py","logger":"airflow.models.dagbag.DagBag","filename":"dagbag.py","lineno":593}
{"timestamp":"2026-10-01T20:55:03.540220Z","level":"info","event":"Tmp dir root location: /tmp","logger":"airflow.task.hooks.airflow.providers.standard.hooks.subprocess.SubprocessHook","filename":"subprocess.py","lineno":78}
{"timestamp":"2026-10-01T20:55:03.544781Z","level":"info","event":"Running command: ['/usr/bin/bash', '-c', 'cd /opt/airflow/project/dbt_project && /opt/dbt_venv/bin/dbt debug --profiles-dir . --target dev']","logger":"airflow.task.hooks.airflow.providers.standard.hooks.subprocess.SubprocessHook","filename":"subprocess.py","lineno":88}
{"timestamp":"2026-10-01T20:55:03.596997Z","level":"info","event":"Output:","logger":"airflow.task.hooks.airflow.providers.standard.hooks.subprocess.SubprocessHook","filename":"subprocess.py","lineno":99}
{"timestamp":"2026-10-01T20:55:18.334630Z","level":"info","event":"\u001b[0m20:55:18  Running with dbt=1.12.5","logger":"airflow.task.hooks.airflow.providers.standard.hooks.subprocess.SubprocessHook","filename":"subprocess.py","lineno":106}
{"timestamp":"2026-10-01T20:55:18.533365Z","level":"info","event":"\u001b[0m20:55:18  dbt version: 1.12.5","logger":"airflow.task.hooks.airflow.providers.standard.hooks.subprocess.SubprocessHook","filename":"subprocess.py","lineno":106}
{"timestamp":"2026-10-01T20:55:18.549502Z","level":"info","event":"\u001b[0m20:55:18  python version: 3.11.13","logger":"airflow.task.hooks.airflow.providers.standard.hooks.subprocess.SubprocessHook","filename":"subprocess.py","lineno":106}
{"timestamp":"2026-10-01T20:55:18.578382Z","level":"info","event":"\u001b[0m20:55:18  python path: /opt/dbt_venv/bin/python3.11","logger":"airflow.task.hooks.airflow.providers.standard.hooks.subprocess.SubprocessHook","filename":"subprocess.py","lineno":106}
{"timestamp":"2026-10-01T20:55:18.596684Z","level":"info","event":"\u001b[0m20:55:18  os info: Linux-6.6.87.2-microsoft-standard-WSL2-x86_64-with-glibc2.36","logger":"airflow.task.hooks.airflow.providers.standard.hooks.subprocess.SubprocessHook","filename":"subprocess.py","lineno":106}
{"timestamp":"2026-10-01T20:55:19.823187Z","level":"info","event":"\u001b[0m20:55:19  Using profiles dir at .","logger":"airflow.task.hooks.airflow.providers.standard.hooks.subprocess.SubprocessHook","filename":"subprocess.py","lineno":106}
{"timestamp":"2026-10-01T20:55:19.903117Z","level":"info","event":"\u001b[0m20:55:19  Using profiles.yml file at ./profiles.yml","logger":"airflow.task.hooks.airflow.providers.standard.hooks.subprocess.SubprocessHook","filename":"subprocess.py","lineno":106}
{"timestamp":"2026-10-01T20:55:19.985799Z","level":"info","event":"\u001b[0m20:55:19  Using dbt_project.yml file at /opt/airflow/project/dbt_project/dbt_project.yml","logger":"airflow.task.hooks.airflow.providers.standard.hooks.subprocess.SubprocessHook","filename":"subprocess.py","lineno":106}
{"timestamp":"2026-10-01T20:55:20.035384Z","level":"info","event":"\u001b[0m20:55:20  adapter type: duckdb","logger":"airflow.task.hooks.airflow.providers.standard.hooks.subprocess.SubprocessHook","filename":"subprocess.py","lineno":106}
{"timestamp":"2026-10-01T20:55:20.058448Z","level":"info","event":"\u001b[0m20:55:20  adapter version: 1.11.0","logger":"airflow.task.hooks.airflow.providers.standard.hooks.subprocess.SubprocessHook","filename":"subprocess.py","lineno":106}
{"timestamp":"2026-10-01T20:55:20.806657Z","level":"info","event":"\u001b[0m20:55:20  Configuration:","logger":"airflow.task.hooks.airflow.providers.standard.hooks.subprocess.SubprocessHook","filename":"subprocess.py","lineno":106}
{"timestamp":"2026-10-01T20:55:20.814029Z","level":"info","event":"\u001b[0m20:55:20    profiles.yml file [\u001b[32mOK found and valid\u001b[0m]","logger":"airflow.task.hooks.airflow.providers.standard.hooks.subprocess.SubprocessHook","filename":"subprocess.py","lineno":106}
{"timestamp":"2026-10-01T20:55:20.821615Z","level":"info","event":"\u001b[0m20:55:20    dbt_project.yml file [\u001b[32mOK found and valid\u001b[0m]","logger":"airflow.task.hooks.airflow.providers.standard.hooks.subprocess.SubprocessHook","filename":"subprocess.py","lineno":106}
{"timestamp":"2026-10-01T20:55:20.834858Z","level":"info","event":"\u001b[0m20:55:20  Required dependencies:","logger":"airflow.task.hooks.airflow.providers.standard.hooks.subprocess.SubprocessHook","filename":"subprocess.py","lineno":106}
{"timestamp":"2026-10-01T20:55:20.876556Z","level":"info","event":"\u001b[0m20:55:20   - git [\u001b[32mOK found\u001b[0m]","logger":"airflow.task.hooks.airflow.providers.standard.hooks.subprocess.SubprocessHook","filename":"subprocess.py","lineno":106}
{"timestamp":"2026-10-01T20:55:20.877205Z","level":"info","event":"","logger":"airflow.task.hooks.airflow.providers.standard.hooks.subprocess.SubprocessHook","filename":"subprocess.py","lineno":106}
{"timestamp":"2026-10-01T20:55:20.882505Z","level":"info","event":"\u001b[0m20:55:20  Connection:","logger":"airflow.task.hooks.airflow.providers.standard.hooks.subprocess.SubprocessHook","filename":"subprocess.py","lineno":106}
{"timestamp":"2026-10-01T20:55:20.910713Z","level":"info","event":"\u001b[0m20:55:20    database: dev","logger":"airflow.task.hooks.airflow.providers.standard.hooks.subprocess.SubprocessHook","filename":"subprocess.py","lineno":106}
{"timestamp":"2026-10-01T20:55:20.923347Z","level":"info","event":"\u001b[0m20:55:20    schema: main","logger":"airflow.task.hooks.airflow.providers.standard.hooks.subprocess.SubprocessHook","filename":"subprocess.py","lineno":106}
{"timestamp":"2026-10-01T20:55:20.929677Z","level":"info","event":"\u001b[0m20:55:20    path: dev.duckdb","logger":"airflow.task.hooks.airflow.providers.standard.hooks.subprocess.SubprocessHook","filename":"subprocess.py","lineno":106}
{"timestamp":"2026-10-01T20:55:20.941468Z","level":"info","event":"\u001b[0m20:55:20    config_options: None","logger":"airflow.task.hooks.airflow.providers.standard.hooks.subprocess.SubprocessHook","filename":"subprocess.py","lineno":106}
{"timestamp":"2026-10-01T20:55:20.948669Z","level":"info","event":"\u001b[0m20:55:20    extensions: None","logger":"airflow.task.hooks.airflow.providers.standard.hooks.subprocess.SubprocessHook","filename":"subprocess.py","lineno":106}
{"timestamp":"2026-10-01T20:55:20.954325Z","level":"info","event":"\u001b[0m20:55:20    settings: {}","logger":"airflow.task.hooks.airflow.providers.standard.hooks.subprocess.SubprocessHook","filename":"subprocess.py","lineno":106}
{"timestamp":"2026-10-01T20:55:20.960516Z","level":"info","event":"\u001b[0m20:55:20    external_root: .","logger":"airflow.task.hooks.airflow.providers.standard.hooks.subprocess.SubprocessHook","filename":"subprocess.py","lineno":106}
{"timestamp":"2026-10-01T20:55:20.966329Z","level":"info","event":"\u001b[0m20:55:20    use_credential_provider: None","logger":"airflow.task.hooks.airflow.providers.standard.hooks.subprocess.SubprocessHook","filename":"subprocess.py","lineno":106}
{"timestamp":"2026-10-01T20:55:20.971760Z","level":"info","event":"\u001b[0m20:55:20    attach: None","logger":"airflow.task.hooks.airflow.providers.standard.hooks.subprocess.SubprocessHook","filename":"subprocess.py","lineno":106}
{"timestamp":"2026-10-01T20:55:20.979752Z","level":"info","event":"\u001b[0m20:55:20    filesystems: None","logger":"airflow.task.hooks.airflow.providers.standard.hooks.subprocess.SubprocessHook","filename":"subprocess.py","lineno":106}
{"timestamp":"2026-10-01T20:55:21.016995Z","level":"info","event":"\u001b[0m20:55:21    remote: None","logger":"airflow.task.hooks.airflow.providers.standard.hooks.subprocess.SubprocessHook","filename":"subprocess.py","lineno":106}
{"timestamp":"2026-10-01T20:55:21.040986Z","level":"info","event":"\u001b[0m20:55:21    plugins: None","logger":"airflow.task.hooks.airflow.providers.standard.hooks.subprocess.SubprocessHook","filename":"subprocess.py","lineno":106}
{"timestamp":"2026-10-01T20:55:21.049201Z","level":"info","event":"\u001b[0m20:55:21    disable_transactions: False","logger":"airflow.task.hooks.airflow.providers.standard.hooks.subprocess.SubprocessHook","filename":"subprocess.py","lineno":106}
{"timestamp":"2026-10-01T20:55:21.063397Z","level":"info","event":"\u001b[0m20:55:21  Registered adapter: duckdb=1.11.0","logger":"airflow.task.hooks.airflow.providers.standard.hooks.subprocess.SubprocessHook","filename":"subprocess.py","lineno":106}
{"timestamp":"2026-10-01T20:55:22.048756Z","level":"info","event":"\u001b[0m20:55:22    Connection test: [\u001b[32mOK connection ok\u001b[0m]","logger":"airflow.task.hooks.airflow.providers.standard.hooks.subprocess.SubprocessHook","filename":"subprocess.py","lineno":106}
{"timestamp":"2026-10-01T20:55:22.049350Z","level":"info","event":"","logger":"airflow.task.hooks.airflow.providers.standard.hooks.subprocess.SubprocessHook","filename":"subprocess.py","lineno":106}
{"timestamp":"2026-10-01T20:55:22.059685Z","level":"info","event":"\u001b[0m20:55:22  \u001b[32mAll checks passed!\u001b[0m","logger":"airflow.task.hooks.airflow.providers.standard.hooks.subprocess.SubprocessHook","filename":"subprocess.py","lineno":106}
{"timestamp":"2026-10-01T20:55:23.365259Z","level":"info","event":"Command exited with return code 0","logger":"airflow.task.hooks.airflow.providers.standard.hooks.subprocess.SubprocessHook","filename":"subprocess.py","lineno":110}
{"timestamp":"2026-10-01T20:55:23.369040Z","level":"info","event":"Pushing xcom","ti":"RuntimeTaskInstance(id=UUID('01a0f93f-a6dd-7ad4-b071-01083a34791e'), task_id='dbt_debug', dag_id='superstore_dwh', run_id='scheduled__2026-10-01T00:00:00+00:00', try_number=1, dag_version_id=UUID('01a0f93e-c569-7146-9e69-33ff7a11a5f8'), map_index=-1, hostname='4396fa94b558', context_carrier={}, task=<Task(BashOperator): dbt_debug>, bundle_instance=LocalDagBundle(name=dags-folder), max_tries=1, start_date=datetime.datetime(2026, 10, 1, 20, 54, 54, 10085, tzinfo=datetime.timezone.utc), end_date=None, state=<TaskInstanceState.RUNNING: 'running'>, is_mapped=False, rendered_map_index=None)","logger":"task","filename":"task_runner.py","lineno":1352}
